// Jest Snapshot v1, https://goo.gl/fbAQLP

exports[`<Header /> should match snapshot 1`] = `
<h4
  class="ant-typography"
  data-testid="Header__title"
  style="margin-bottom: 0px;"
>
  Hotel Currencies
</h4>
`;
